// Jest Snapshot v1, https://goo.gl/fbAQLP

exports[`matches snapshot 1`] = `
<div>
  <ul>
    <li>
      <Link
        replace={false}
        to="/home"
      >
        Home
      </Link>
    </li>
    <li>
      <Link
        replace={false}
        to="/page1"
      >
        Page 1
      </Link>
    </li>
    <li>
      <Link
        replace={false}
        to="/page2"
      >
        Page 2
      </Link>
    </li>
  </ul>
  <Route
    component={[Function]}
    path="/home"
  />
  <Route
    component={[Function]}
    path="/page1"
  />
  <Route
    component={[Function]}
    path="/page2"
  />
</div>
`;
